// Jest Snapshot v1, https://goo.gl/fbAQLP

exports[`Page Header renders correctly 1`] = `
.c0 {
  position: relative;
  display: -webkit-box;
  display: -webkit-flex;
  display: -ms-flexbox;
  display: flex;
  -webkit-flex-flow: column nowrap;
  -ms-flex-flow: column nowrap;
  flex-flow: column nowrap;
  max-width: 0;
  width: 100vw;
  height: 100%;
  z-index: 10;
  -webkit-transition: all 0.16s ease 0s;
  transition: all 0.16s ease 0s;
  background-color: #FFFFFF;
  box-shadow: 0 0 0 1px rgba(50,50,50,0.08);
  max-width: 100vw;
  z-index: 15;
}

.c1 {
  display: -webkit-box;
  display: -webkit-flex;
  display: -ms-flexbox;
  display: flex;
  -webkit-flex-direction: column;
  -ms-flex-direction: column;
  flex-direction: column;
  -webkit-flex: 1;
  -ms-flex: 1;
  flex: 1;
  max-width: 0;
  opacity: 0;
  overflow: hidden;
  -webkit-transition: max-width 0.16s ease 0s,opacity 0.16s ease 0s;
  transition: max-width 0.16s ease 0s,opacity 0.16s ease 0s;
  max-width: 100vw;
  opacity: 1;
  overflow: visible;
}

@media only screen and (min-width:1024px) {
  .c0 {
    width: 16rem;
  }
}

<section
  className="c0"
>
  <div
    className="c1"
  />
</section>
`;
